ExpansionTraderEva.Food+Medical|7509.54 89.1976 4591|54.2856 352.5 0.0|BoxCerealCrunchin,SurgicalGloves_White,Bandana_Polkapattern,MiniDress_PinkChecker,DressShoes_White
ExpansionTraderGabi.Bunnings|7502.64 89.197 4608.63|103.928 354.643 0.0|Wrench,SledgeHammer,WorkingGloves_Brown,ConstructionHelmet_White,Shirt_BlueCheck,CanvasPants_Blue,WorkingBoots_Grey
ExpansionTraderHelga.Apparel|7517.34 89.1973 4622.07|143.928 353.929 0.0|ThickFramesGlasses,WomanSuit_Black,SlacksPants_Black,DressShoes_Black
ExpansionTraderBoris.Weapons|7549.32 89.6041 4619.76|270.357 358.571 0.0|FirefighterAxe,SVD,PSO1Optic,M4A1,M4_RISHndgrd,Universallight,M4_OEBttstck,M68Optic,M4_Suppressor,TacticalGloves_Green,MilitaryBeret_CDF,PlateCarrierVest,USMCJacket_Woodland,USMCPants_Woodland,MilitaryBoots_Black,AliceBag_Camo
ExpansionTraderCyril.WeaponSupplies|7544.86 89.6041 4621.92|115 358.571 0.0|Mag_STANAG_30Rnd,SportGlasses_Orange,BaseballCap_Camo,TacticalShirt_Olive,SmershVest,BDUPants,TTSKOBoots,AssaultBag_Ttsko
ExpansionTraderGabi.Food+Medical|9924.7 21.89 11165.4|143.799988 0.0 0.0|BoxCerealCrunchin,SurgicalGloves_White,Bandana_Polkapattern,MiniDress_PinkChecker,DressShoes_White
ExpansionTraderLinda.Bunnings|9915.7 21.8 11158.0|0.0 0.0 0.0|Screwdriver,Shovel,WorkingGloves_Yellow,ConstructionHelmet_Yellow,Shirt_RedCheck,CanvasPants_Beige,WorkingBoots_Yellow
ExpansionTraderNaomi.Apparel|9910.6 21.8 11135.2|0.0 0.0 0.0|ThickFramesGlasses,WomanSuit_Black,SlacksPants_Black,DressShoes_Black
ExpansionTraderKaito.Weapons|9931.7 21.8 11171.2|-38.932476 0.0 -0.0|FirefighterAxe,SVD,PSO1Optic,M4A1,M4_RISHndgrd,Universallight,M4_OEBttstck,M68Optic,M4_Suppressor,TacticalGloves_Green,MilitaryBeret_CDF,PlateCarrierVest,USMCJacket_Woodland,USMCPants_Woodland,MilitaryBoots_Black,AliceBag_Camo
ExpansionTraderGuo.WeaponSupplies|9933.9 21.8 11172.9|-38.932476 0.0 -0.0|Mag_STANAG_30Rnd,SportGlasses_Orange,BaseballCap_Camo,TacticalShirt_Olive,SmershVest,BDUPants,TTSKOBoots,AssaultBag_Ttsko
ExpansionTraderGuo.Vehicles|10013.7 16.0 11199.6|115 0.0 0.0|LugWrench,WorkingGloves_Black,ReflexVest,JumpsuitJacket_Blue,JumpsuitPants_Blue,HikingBootsLow_Blue
ExpansionTraderQuinn.Heliz+Military|10017.5 16.1 11202.8|115 0.0 0.0|LugWrench,WorkingGloves_Black,ReflexVest,JumpsuitJacket_Blue,JumpsuitPants_Blue,HikingBootsLow_Blue
ExpansionTraderHassan.BM|5905.0 89.3535 2447.01|140.715 0.0 0.0|AKM,AK_WoodHndgrd,AK_FoldingBttstck,KobraOptic,SVD,PSO1Optic,TacticalGoggles,TacticalGloves_Green,GorkaHelmet,BandanaMask_CamoPattern,UKAssVest_Camo,GorkaEJacket_Summer,GorkaPants_Summer,MilitaryBoots_Black,AliceBag_Camo
ExpansionTraderIndar.Music|5791.4 1.8 14554.5|-115 0.0 0.0|LDzRadio_SonyWalkMan,MilitaryBelt,Bandana_Polkapattern,DenimJacket,TTSKOPants,MilitaryBoots_Redpunk
ExpansionTraderPeter.Boatz|5706.479980 1.606390 14637.099609|-180.0 0.0 0.0|SantasBeard,BeanieHat_Black,FishingRod,WorkingGloves_Black,ReflexVest,Raincoat_Yellow,JumpsuitPants_Blue,HikingBootsLow_Blue
ExpansionTraderKeiko.Drugs|8299.6 160.4 12214.3|115 0.0 0.0|PsilocybeMushroom,SportGlasses_Orange,BaseballCap_Camo,TacticalShirt_Olive,SmershVest,Skirt_Blue,JungleBoots_Olive,AssaultBag_Ttsko
ExpansionTraderJudy.SpecialGear|7928.7 5.5 9470.1|66 0.0 0.0|Mace,WorkinGloves_Black,PlateCarrierVest,DenimJacket,BDUPants,MilitaryBoots_Redpunk
ExpansionTraderHassan.SpecialApparel|7930.418457 7.371345 9466.674805|-6.791910 0.000000 0.000000|Collectable_SmartPhone_Red,MilitaryBelt,SportGlasses_Orange,BaseballCap_Camo,TacticalShirt_Olive,CanvasPants_Blue,TTSKOBoots
